// Jest Snapshot v1, https://goo.gl/fbAQLP

exports[`matches snapshot 1`] = `
<section
  className="dark-bg bg-section about-structure"
>
  <h2
    className="section-title text-center"
  >
    Our Structure
  </h2>
  <div
    className="EnlargedImage"
  >
    <div
      className="EnlargedImage__container"
      style={
        Object {
          "display": "inline-block",
          "position": "relative",
        }
      }
    >
      <img
        alt="Our team's structure"
        className="EnlargedImage__Image"
        data-testid="structure-image"
        data-teststate={false}
        onClick={[Function]}
        src="Structure.png"
        style={
          Object {
            "cursor": "zoom-in",
            "height": "auto",
            "maxWidth": "100%",
            "opacity": 1,
          }
        }
        title="Energia Powered'20 board"
      />
    </div>
  </div>
</section>
`;
